[2026-07-17 18:12:28] [INFO]: Действие: УДАЛЕНИЕ_ТОВАРА
Админ: Nikita (ID: 6a5008736b43ef7a1d9876ce)
Товар: products (ID: 6a4eafe788bec71d981675df)
[2026-07-17 18:13:32] [INFO]: Действие: УДАЛЕНИЕ_ТОВАРА
Админ: Nikita (ID: 6a5008736b43ef7a1d9876ce)
Товар: products (ID: 6a4eafe788bec71d981675df)
[2026-07-24 23:00:48] [INFO]: Подія: СОТВОРЕННЯ_КАТЕГОРІЇ
Адміністратор: Nikita (ID: 6a5008736b43ef7a1d9876ce)
Категорія: ggggпg (ID: 6a63c4704dca7f7e020ed1bb)
[2026-07-24 23:13:55] [INFO]: Подія: ВИДАЛЕННЯ_КАТЕГОРІЇ(з видаленням продуктів)
Адміністратор: Nikita (ID: 6a5008736b43ef7a1d9876ce)
Категорія: cheeze (ID: 6a50db0d3a8b9b27a0f14a7f)
[2026-07-24 23:18:16] [INFO]: Подія: ВІДНОВЛЕННЯ_КАТЕГОРІЇ
Адміністратор: Nikita (ID: 6a5008736b43ef7a1d9876ce)
Категорія: cheeze (ID: 6a50db0d3a8b9b27a0f14a7f)
[2026-07-24 23:23:57] [INFO]: Подія: СОТВОРЕННЯ_КАТЕГОРІЇ
Адміністратор: Nikita (ID: 6a5008736b43ef7a1d9876ce)
Категорія: g11 (ID: 6a63c9dd2a6cd6375f40667c)
[2026-07-24 23:24:34] [INFO]: Подія: ВИДАЛЕННЯ_КАТЕГОРІЇ(з видаленням продуктів)
Адміністратор: Nikita (ID: 6a5008736b43ef7a1d9876ce)
Категорія: g11 (ID: 6a63c9dd2a6cd6375f40667c)
[2026-07-24 23:25:28] [INFO]: Подія: ОНОВЛЕННЯ_КАТЕГОРІЇ
Адміністратор: Nikita (ID: 6a5008736b43ef7a1d9876ce)
Категорія: g11 (ID: 6a63c9dd2a6cd6375f40667c)
[2026-07-24 23:25:41] [INFO]: Подія: ОНОВЛЕННЯ_КАТЕГОРІЇ
Адміністратор: Nikita (ID: 6a5008736b43ef7a1d9876ce)
Категорія: g11 (ID: 6a63c9dd2a6cd6375f40667c)
[2026-07-24 23:25:58] [INFO]: Подія: ОНОВЛЕННЯ_КАТЕГОРІЇ
Адміністратор: Nikita (ID: 6a5008736b43ef7a1d9876ce)
Категорія: g11 (ID: 6a63c9dd2a6cd6375f40667c)
[2026-07-24 23:30:49] [INFO]: Подія: ВІДНОВЛЕННЯ_КАТЕГОРІЇ(без видалення продуктів)
Адміністратор: Nikita (ID: 6a5008736b43ef7a1d9876ce)
Категорія: products (ID: 6a4eafe788bec71d981675df)
[2026-07-24 23:36:11] [INFO]: Подія: СТВОРЕННЯ_ТОВАРА
Адміністратор: Nikita (ID: 6a5008736b43ef7a1d9876ce)
Товар: pizza11 (ID: 6a63ccbbff5a06c8153ff12b)
[2026-07-24 23:44:22] [INFO]: Подія: ВИДАЛЕННЯ_ТОВАРА
Адміністратор: Nikita (ID: 6a5008736b43ef7a1d9876ce)
Товар: pizza11 (ID: 6a63ccbbff5a06c8153ff12b)
[2026-07-24 23:44:34] [INFO]: Подія: ВІДНОВЛЕННЯ_ТОВАРА
Адміністратор: Nikita (ID: 6a5008736b43ef7a1d9876ce)
Товар: pizza11 (ID: 6a63ccbbff5a06c8153ff12b)
[2026-07-24 23:44:54] [INFO]: Подія: ОНОВЛЕННЯ_ТОВАРА
Адміністратор: Nikita (ID: 6a5008736b43ef7a1d9876ce)
Товар: pizza11 (ID: 6a63ccbbff5a06c8153ff12b)
[2026-07-28 20:12:47] [INFO]: Подія: ОНОВЛЕННЯ_ТОВАРА
Адміністратор: Nikita (ID: 6a5008736b43ef7a1d9876ce)
Товар: pizza11 (ID: 6a63ccbbff5a06c8153ff12b)
[2026-07-28 20:12:51] [INFO]: Подія: ВИДАЛЕННЯ_ТОВАРА
Адміністратор: Nikita (ID: 6a5008736b43ef7a1d9876ce)
Товар: pizza11 (ID: 6a63ccbbff5a06c8153ff12b)
[2026-07-28 20:12:59] [INFO]: Подія: ВІДНОВЛЕННЯ_ТОВАРА
Адміністратор: Nikita (ID: 6a5008736b43ef7a1d9876ce)
Товар: pizza11 (ID: 6a63ccbbff5a06c8153ff12b)
[2026-07-30 11:48:11] [INFO]: Подія: СОТВОРЕННЯ_КАТЕГОРІЇ
Адміністратор: Nikita (ID: 6a6b0d6c5de44b760916a9a1)
Категорія: cheeze (ID: 6a6b0fcb44e095a1c30551e6)
[2026-07-30 11:49:02] [INFO]: Подія: СОТВОРЕННЯ_КАТЕГОРІЇ
Адміністратор: Nikita (ID: 6a6b0d6c5de44b760916a9a1)
Категорія: sneck (ID: 6a6b0ffe44e095a1c30551e8)
[2026-08-13 22:29:09] [INFO]: Подія: СОТВОРЕННЯ_КАТЕГОРІЇ
Адміністратор: Nikita (ID: 6a7cc0e26dc38abbefd54444)
Категорія: products (ID: 6a7e1b051a94f22d4030465b)
[2026-08-13 22:31:38] [INFO]: Подія: СТВОРЕННЯ_ТОВАРА
Адміністратор: Nikita (ID: 6a7cc0e26dc38abbefd54444)
Товар: pizza (ID: 6a7e1b9a1a94f22d4030465c)
[2026-08-13 22:38:45] [INFO]: Подія: ОНОВЛЕННЯ_ТОВАРА
Адміністратор: Nikita (ID: 6a7cc0e26dc38abbefd54444)
Товар: pizza (ID: 6a7e1b9a1a94f22d4030465c)
[2026-08-13 22:41:38] [INFO]: Подія: ОНОВЛЕННЯ_КАТЕГОРІЇ
Адміністратор: Nikita (ID: 6a7cc0e26dc38abbefd54444)
Категорія: products (ID: 6a7e1b051a94f22d4030465b)
[2026-08-13 22:42:07] [INFO]: Подія: ОНОВЛЕННЯ_КАТЕГОРІЇ
Адміністратор: Nikita (ID: 6a7cc0e26dc38abbefd54444)
Категорія: products (ID: 6a7e1b051a94f22d4030465b)
[2026-08-13 22:45:09] [INFO]: Подія: ОНОВЛЕННЯ_ТОВАРА
Адміністратор: Nikita (ID: 6a7cc0e26dc38abbefd54444)
Товар: pizza (ID: 6a7e1b9a1a94f22d4030465c)
[2026-08-13 22:45:20] [INFO]: Подія: ОНОВЛЕННЯ_ТОВАРА
Адміністратор: Nikita (ID: 6a7cc0e26dc38abbefd54444)
Товар: pizzu (ID: 6a7e1b9a1a94f22d4030465c)
[2026-08-13 22:47:19] [INFO]: Подія: ВИДАЛЕННЯ_ТОВАРА
Адміністратор: Nikita (ID: 6a7cc0e26dc38abbefd54444)
Товар: pizza (ID: 6a7e1b9a1a94f22d4030465c)
[2026-08-16 23:47:49] [INFO]: Подія: СТВОРЕННЯ_ТОВАРА
Адміністратор: Nikita (ID: 6a7cc0e26dc38abbefd54444)
Товар: test (ID: 6a8221f543d4a15931fabb02)
[2026-08-16 23:51:34] [INFO]: Подія: СТВОРЕННЯ_ТОВАРА
Адміністратор: Nikita (ID: 6a7cc0e26dc38abbefd54444)
Товар: test-2 (ID: 6a8222d643d4a15931fabb03)
[2026-08-16 23:56:50] [INFO]: Подія: СТВОРЕННЯ_ТОВАРА
Адміністратор: Nikita (ID: 6a7cc0e26dc38abbefd54444)
Товар: test-3 (ID: 6a82241243d4a15931fabb04)
