[2026-07-14 20:15:08] [INFO]: Действие: УДАЛЕНИЕ_ТОВАРА | Админ: undefined (ID: 6a5008736b43ef7a1d9876ce) | Товар: water (ID: 6a50d86d757408dfbcd70f8a)
[2026-07-17 17:41:11] [INFO]: Действие: УДАЛЕНИЕ_ТОВАРА
Админ: undefined (ID: 6a5008736b43ef7a1d9876ce)
Товар: products (ID: 6a4eafe788bec71d981675df)
[2026-07-17 17:42:34] [INFO]: Действие: УДАЛЕНИЕ_ТОВАРА
Админ: undefined (ID: 6a5008736b43ef7a1d9876ce)
Товар: products (ID: 6a4eafe788bec71d981675df)
[2026-07-17 17:50:10] [INFO]: Действие: УДАЛЕНИЕ_ТОВАРА
Админ: undefined (ID: 6a5008736b43ef7a1d9876ce)
Товар: products (ID: 6a4eafe788bec71d981675df)
[2026-07-17 17:50:17] [INFO]: Действие: УДАЛЕНИЕ_ТОВАРА
Админ: undefined (ID: 6a5008736b43ef7a1d9876ce)
Товар: products (ID: 6a4eafe788bec71d981675df)
[2026-07-17 17:52:04] [INFO]: Действие: УДАЛЕНИЕ_ТОВАРА
Админ: undefined (ID: 6a5008736b43ef7a1d9876ce)
Товар: products (ID: 6a4eafe788bec71d981675df)
[2026-07-17 17:53:11] [INFO]: Действие: УДАЛЕНИЕ_ТОВАРА
Админ: undefined (ID: 6a5008736b43ef7a1d9876ce)
Товар: products (ID: 6a4eafe788bec71d981675df)
[2026-07-17 17:54:53] [INFO]: Действие: УДАЛЕНИЕ_ТОВАРА
Админ: undefined (ID: 6a5008736b43ef7a1d9876ce)
Товар: products (ID: 6a4eafe788bec71d981675df)
[2026-07-17 17:56:05] [INFO]: Действие: УДАЛЕНИЕ_ТОВАРА
Админ: Nikita (ID: 6a5008736b43ef7a1d9876ce)
Товар: products (ID: 6a4eafe788bec71d981675df)
[2026-07-17 18:12:28] [INFO]: Действие: УДАЛЕНИЕ_ТОВАРА
Админ: Nikita (ID: 6a5008736b43ef7a1d9876ce)
Товар: products (ID: 6a4eafe788bec71d981675df)
[2026-07-17 18:13:32] [INFO]: Действие: УДАЛЕНИЕ_ТОВАРА
Админ: Nikita (ID: 6a5008736b43ef7a1d9876ce)
Товар: products (ID: 6a4eafe788bec71d981675df)
